// Jest Snapshot v1, https://goo.gl/fbAQLP

exports[`Footer component should render correctly 1`] = `
<footer>
  <div
    className="copyright-holder"
  >
    <span>
      TechSquare Â© 2019. All rights reserved.
    </span>
  </div>
</footer>
`;
